drwxr-xr-x        0 content/
drwxr-xr-x        0 content/foo/
drwxr-xr-x        0 content/foo/bar/
-rw-r--r--        8 content/foo/bar/foobar1.txt
Lrwxr-xr-x        0 content/foo/bar/foobar2.txt -> foobar1.txt
?rw-r--r--        0 content/foo/bar/foobar3.txt -> content/foo/bar/foobar1.txt
drwxr-xr-x        0 content/foo2/
drwxr-xr-x        0 content/foo2/bar/
Lrwxr-xr-x        0 content/foo2/bar/foobar2.txt -> ../../foo/bar/foobar1.txt
?rw-r--r--        0 content/foo2/bar/foobar3.txt -> content/foo/bar/foobar1.txt
