drwxr-xr-x        0 foo/
drwxr-xr-x        0 foo/bar/
-rw-r--r--        8 foo/bar/foobar1.txt
Lrwxr-xr-x        0 foo/bar/foobar2.txt -> foobar1.txt
?rw-r--r--        0 foo/bar/foobar3.txt -> foo/bar/foobar1.txt
drwxr-xr-x        0 foo2/
drwxr-xr-x        0 foo2/bar/
Lrwxr-xr-x        0 foo2/bar/foobar2.txt -> ../../foo/bar/foobar1.txt
?rw-r--r--        0 foo2/bar/foobar3.txt -> foo/bar/foobar1.txt
